Hello from GAIA Sandbox!